<html>
<body>
<pre>
<h1>µVision Build Log</h1>
<h2>Project:</h2>
C:\Keil_projects\Projects\stm32_pwm\pwm.uvproj
Project File Date:  01/27/2015

<h2>Output:</h2>
Build target 'Target 1'
compiling main.c...
main.c(5): warning:  #1-D: last line of file ends without a newline
  }
main.c: 1 warning, 0 errors
compiling DMA_STM32F10x.c...
compiling GPIO_STM32F10x.c...
assembling startup_stm32f10x_md.s...
compiling system_stm32f10x.c...
linking...
Program Size: Code=1484 RO-data=268 RW-data=24 ZI-data=1632  
".\pwm.axf" - 0 Error(s), 1 Warning(s).

<h2>Software Packages used:</h2>

Package Vendor: ARM
                http://www.keil.com/pack/ARM.CMSIS.3.20.4.pack
                ARM::CMSIS:CORE:3.20.0
                Cortex Microcontroller Software Interface Standard (CMSIS) CORE, DSP, RTOS, Driver
   * Component: CORE Version: 3.20.0

Package Vendor: Keil
                http://www.keil.com/pack/Keil.STM32F1xx_DFP.1.0.4.pack
                Keil::Device:Startup:1.0.0
                STMicroelectronics STM32F1 Series Device Support, Drivers and Examples
   * Component: Startup Version: 1.0.0
   * Component: GPIO Version: 1.01.0
   * Component: DMA Version: 1.01.0

<h2>Collection of Component include folders:</h2>
  C:\Keil_projects\Projects\stm32_pwm\RTE
  C:\Keil_projects\Projects\stm32_pwm\RTE\Device\STM32F103C8
  C:\Keil2\ARM\PACK\ARM\CMSIS\3.20.4\CMSIS\Include
  C:\Keil2\ARM\PACK\Keil\STM32F1xx_DFP\1.0.4\Device\Include
  C:\Keil2\ARM\PACK\Keil\STM32F1xx_DFP\1.0.4\RTE_Driver

<h2>Collection of Component Files used:</h2>

   * Component: ARM::CMSIS:CORE:3.20.0

   * Component: Keil::Device:Startup:1.0.0
      Source file:   Device\Source\ARM\STM32F1xx_OPT.s
      Source file:   Device\Source\ARM\startup_stm32f10x_md.s
      Source file:   Device\Source\system_stm32f10x.c
      Include file:  RTE_Driver\Config\RTE_Device.h

   * Component: Keil::Device:GPIO:1.01.0
      Include file:  RTE_Driver\GPIO_STM32F10x.h
      Source file:   RTE_Driver\GPIO_STM32F10x.c

   * Component: Keil::Device:DMA:1.01.0
      Include file:  RTE_Driver\DMA_STM32F10x.h
      Source file:   RTE_Driver\DMA_STM32F10x.c
