<html>
<body>
<pre>
<h1>µVision Build Log</h1>
<h2>Tool Versions:</h2>
IDE-Version: µVision V5.15
Copyright (C) 2015 ARM Ltd and ARM Germany GmbH. All rights reserved.
License Information: Dmitry Khromov, home, LIC=----
 
Tool Versions:
Toolchain:       MDK-Lite  Version: 5.15.0
Toolchain Path:  C:\Keil_v5\ARM\ARMCC\Bin
C Compiler:      Armcc.exe V5.05 update 2 (build 169)
Assembler:       Armasm.exe V5.05 update 2 (build 169)
Linker/Locator:  ArmLink.exe V5.05 update 2 (build 169)
Library Manager: ArmAr.exe V5.05 update 2 (build 169)
Hex Converter:   FromElf.exe V5.05 update 2 (build 169)
CPU DLL:         SARMCM3.DLL V5.15.0
Dialog DLL:      DCM.DLL V1.13.2.0
Target DLL:      UL2CM3.DLL V1.155.8.0
Dialog DLL:      TCM.DLL V1.14.5.0
 
<h2>Project:</h2>
C:\Keil_v5\projects\stm32_pwm\pwm.uvprojx
Project File Date:  08/20/2015

<h2>Output:</h2>
*** Using Compiler 'V5.05 update 2 (build 169)', folder: 'C:\Keil_v5\ARM\ARMCC\Bin'
Build target 'Target 1'
compiling main.c...
linking...
Program Size: Code=1700 RO-data=268 RW-data=24 ZI-data=1632  
FromELF: creating hex file...
".\pwm.axf" - 0 Error(s), 0 Warning(s).

<h2>Software Packages used:</h2>

Package Vendor: ARM
                http://www.keil.com/pack/ARM.CMSIS.4.3.0.pack
                ARM::CMSIS:CORE:4.1.0
                CMSIS (Cortex Microcontroller Software Interface Standard)
   * Component: CORE Version: 4.1.0

Package Vendor: Keil
                http://www.keil.com/pack/Keil.STM32F1xx_DFP.1.1.0.pack
                Keil::Device:Startup:1.0.0
                STMicroelectronics STM32F1 Series Device Support, Drivers and Examples
   * Component: Startup Version: 1.0.0
   * Component: GPIO Version: 1.01.0
   * Component: DMA Version: 1.01.0

<h2>Collection of Component include folders:</h2>
  C:\Keil_v5\projects\stm32_pwm\RTE
  C:\Keil_v5\projects\stm32_pwm\RTE\Device\STM32F103C8
  C:\Keil_v5\ARM\PACK\ARM\CMSIS\4.3.0\CMSIS\Include
  C:\Keil_v5\ARM\PACK\Keil\STM32F1xx_DFP\1.1.0\Device\Include
  C:\Keil_v5\ARM\PACK\Keil\STM32F1xx_DFP\1.1.0\RTE_Driver

<h2>Collection of Component Files used:</h2>

   * Component: ARM::CMSIS:CORE:4.1.0

   * Component: Keil::Device:Startup:1.0.0
      Source file:   Device\Source\ARM\STM32F1xx_OPT.s
      Source file:   Device\Source\ARM\startup_stm32f10x_md.s
      Source file:   Device\Source\system_stm32f10x.c
      Include file:  RTE_Driver\Config\RTE_Device.h

   * Component: Keil::Device:GPIO:1.01.0
      Include file:  RTE_Driver\GPIO_STM32F10x.h
      Source file:   RTE_Driver\GPIO_STM32F10x.c

   * Component: Keil::Device:DMA:1.01.0
      Include file:  RTE_Driver\DMA_STM32F10x.h
      Source file:   RTE_Driver\DMA_STM32F10x.c
</pre>
</body>
</html>
